Right
  RawQuery
    { unRawQuery =
        [ From ( 0 , 15 ) ( Just "l" , Ref ( 5 , 15 ) "Languages" ) ]
    }