[
  {
    "kept": {
      "contents": 7,
      "tag": "SqlInt"
    },
    "new": {
      "contents": 7,
      "tag": "SqlInt"
    }
  }
]
