[
  {
    "contents": [
      {
        "begin": 0,
        "end": 11
      },
      [
        null,
        {
          "contents": [
            {
              "begin": 5,
              "end": 11
            },
            "Cities"
          ],
          "tag": "Ref"
        }
      ]
    ],
    "tag": "From"
  },
  {
    "contents": [
      {
        "begin": 12,
        "end": 18
      },
      [
        [
          {
            "contents": [
              {
                "begin": 25,
                "end": 37
              },
              {
                "contents": [
                  {
                    "begin": 21,
                    "end": 25
                  },
                  "city"
                ],
                "tag": "Ref"
              },
              "country_id"
            ],
            "tag": "Prop"
          },
          null
        ]
      ],
      [
        {
          "contents": [
            {
              "begin": 41,
              "end": 76
            },
            "max_city",
            {
              "contents": [
                {
                  "begin": 59,
                  "end": 76
                },
                {
                  "contents": [
                    {
                      "begin": 56,
                      "end": 59
                    },
                    "max"
                  ],
                  "tag": "Ref"
                },
                [
                  {
                    "contents": [
                      {
                        "begin": 64,
                        "end": 75
                      },
                      {
                        "contents": [
                          {
                            "begin": 60,
                            "end": 64
                          },
                          "city"
                        ],
                        "tag": "Ref"
                      },
                      "country_id"
                    ],
                    "tag": "Prop"
                  }
                ]
              ],
              "tag": "Apply"
            }
          ],
          "tag": "Let"
        }
      ]
    ],
    "tag": "GroupBy"
  }
]
