[
  {
    "contents": [
      {
        "begin": 0,
        "end": 10
      },
      "a",
      {
        "contents": [
          {
            "begin": 8,
            "end": 10
          },
          {
            "contents": 23,
            "tag": "LiteralInt"
          }
        ],
        "tag": "Lit"
      }
    ],
    "tag": "Let"
  }
]
