Right
  RawQuery
    { unRawQuery =
        [ Let ( 0 , 10 ) "a" (Lit ( 8 , 10 ) (LiteralInt 23)) ]
    }