{
  "Right": {
    "compiledStatements": [
      {
        "contents": [
          [],
          "a",
          {
            "contents": [
              {
                "tag": "IntType"
              },
              {
                "contents": 23,
                "tag": "LiteralInt"
              }
            ],
            "tag": "Lit"
          }
        ],
        "tag": "Let"
      }
    ],
    "graph": null,
    "resultColumns": [
      "a"
    ]
  }
}
