PartialQuery
  { fromTable = Nothing
  , selectedColumns =
      [ SelectNewColumn
          (LiteralInt 23) Identifier { fromIdentifier = "a" }
      ]
  , wheres = []
  , joins = []
  , groupBy = Nothing
  , orderBy = []
  }