[ SqlRuntimeRow (fromList [ ( "a" , SqlInt 23 ) ]) ]