[
  {
    "a": {
      "contents": 23,
      "tag": "SqlInt"
    }
  }
]
