from Cities
group by city.country_id {
  let count = `count(*)`
}