[
  {
    "city.country_id": {
      "contents": 33,
      "tag": "SqlInt"
    },
    "count": {
      "contents": 1,
      "tag": "SqlInt"
    }
  },
  {
    "city.country_id": {
      "contents": 1,
      "tag": "SqlInt"
    },
    "count": {
      "contents": 1,
      "tag": "SqlInt"
    }
  },
  {
    "city.country_id": {
      "contents": 76,
      "tag": "SqlInt"
    },
    "count": {
      "contents": 8,
      "tag": "SqlInt"
    }
  },
  {
    "city.country_id": {
      "contents": 5,
      "tag": "SqlInt"
    },
    "count": {
      "contents": 1,
      "tag": "SqlInt"
    }
  },
  {
    "city.country_id": {
      "contents": 106,
      "tag": "SqlInt"
    },
    "count": {
      "contents": 1,
      "tag": "SqlInt"
    }
  },
  {
    "city.country_id": {
      "contents": 104,
      "tag": "SqlInt"
    },
    "count": {
      "contents": 7,
      "tag": "SqlInt"
    }
  },
  {
    "city.country_id": {
      "contents": 18,
      "tag": "SqlInt"
    },
    "count": {
      "contents": 2,
      "tag": "SqlInt"
    }
  },
  {
    "city.country_id": {
      "contents": 64,
      "tag": "SqlInt"
    },
    "count": {
      "contents": 2,
      "tag": "SqlInt"
    }
  },
  {
    "city.country_id": {
      "contents": 55,
      "tag": "SqlInt"
    },
    "count": {
      "contents": 1,
      "tag": "SqlInt"
    }
  },
  {
    "city.country_id": {
      "contents": 27,
      "tag": "SqlInt"
    },
    "count": {
      "contents": 3,
      "tag": "SqlInt"
    }
  },
  {
    "city.country_id": {
      "contents": 23,
      "tag": "SqlInt"
    },
    "count": {
      "contents": 53,
      "tag": "SqlInt"
    }
  },
  {
    "city.country_id": {
      "contents": 56,
      "tag": "SqlInt"
    },
    "count": {
      "contents": 1,
      "tag": "SqlInt"
    }
  },
  {
    "city.country_id": {
      "contents": 58,
      "tag": "SqlInt"
    },
    "count": {
      "contents": 1,
      "tag": "SqlInt"
    }
  },
  {
    "city.country_id": {
      "contents": 91,
      "tag": "SqlInt"
    },
    "count": {
      "contents": 3,
      "tag": "SqlInt"
    }
  },
  {
    "city.country_id": {
      "contents": 8,
      "tag": "SqlInt"
    },
    "count": {
      "contents": 1,
      "tag": "SqlInt"
    }
  },
  {
    "city.country_id": {
      "contents": 87,
      "tag": "SqlInt"
    },
    "count": {
      "contents": 5,
      "tag": "SqlInt"
    }
  },
  {
    "city.country_id": {
      "contents": 74,
      "tag": "SqlInt"
    },
    "count": {
      "contents": 4,
      "tag": "SqlInt"
    }
  },
  {
    "city.country_id": {
      "contents": 54,
      "tag": "SqlInt"
    },
    "count": {
      "contents": 2,
      "tag": "SqlInt"
    }
  },
  {
    "city.country_id": {
      "contents": 29,
      "tag": "SqlInt"
    },
    "count": {
      "contents": 6,
      "tag": "SqlInt"
    }
  },
  {
    "city.country_id": {
      "contents": 71,
      "tag": "SqlInt"
    },
    "count": {
      "contents": 2,
      "tag": "SqlInt"
    }
  },
  {
    "city.country_id": {
      "contents": 68,
      "tag": "SqlInt"
    },
    "count": {
      "contents": 1,
      "tag": "SqlInt"
    }
  },
  {
    "city.country_id": {
      "contents": 4,
      "tag": "SqlInt"
    },
    "count": {
      "contents": 2,
      "tag": "SqlInt"
    }
  },
  {
    "city.country_id": {
      "contents": 34,
      "tag": "SqlInt"
    },
    "count": {
      "contents": 4,
      "tag": "SqlInt"
    }
  },
  {
    "city.country_id": {
      "contents": 51,
      "tag": "SqlInt"
    },
    "count": {
      "contents": 2,
      "tag": "SqlInt"
    }
  },
  {
    "city.country_id": {
      "contents": 96,
      "tag": "SqlInt"
    },
    "count": {
      "contents": 1,
      "tag": "SqlInt"
    }
  },
  {
    "city.country_id": {
      "contents": 70,
      "tag": "SqlInt"
    },
    "count": {
      "contents": 1,
      "tag": "SqlInt"
    }
  },
  {
    "city.country_id": {
      "contents": 52,
      "tag": "SqlInt"
    },
    "count": {
      "contents": 2,
      "tag": "SqlInt"
    }
  },
  {
    "city.country_id": {
      "contents": 80,
      "tag": "SqlInt"
    },
    "count": {
      "contents": 28,
      "tag": "SqlInt"
    }
  },
  {
    "city.country_id": {
      "contents": 83,
      "tag": "SqlInt"
    },
    "count": {
      "contents": 1,
      "tag": "SqlInt"
    }
  },
  {
    "city.country_id": {
      "contents": 67,
      "tag": "SqlInt"
    },
    "count": {
      "contents": 5,
      "tag": "SqlInt"
    }
  },
  {
    "city.country_id": {
      "contents": 63,
      "tag": "SqlInt"
    },
    "count": {
      "contents": 3,
      "tag": "SqlInt"
    }
  },
  {
    "city.country_id": {
      "contents": 90,
      "tag": "SqlInt"
    },
    "count": {
      "contents": 1,
      "tag": "SqlInt"
    }
  },
  {
    "city.country_id": {
      "contents": 10,
      "tag": "SqlInt"
    },
    "count": {
      "contents": 2,
      "tag": "SqlInt"
    }
  },
  {
    "city.country_id": {
      "contents": 35,
      "tag": "SqlInt"
    },
    "count": {
      "contents": 1,
      "tag": "SqlInt"
    }
  },
  {
    "city.country_id": {
      "contents": 105,
      "tag": "SqlInt"
    },
    "count": {
      "contents": 6,
      "tag": "SqlInt"
    }
  },
  {
    "city.country_id": {
      "contents": 45,
      "tag": "SqlInt"
    },
    "count": {
      "contents": 14,
      "tag": "SqlInt"
    }
  },
  {
    "city.country_id": {
      "contents": 6,
      "tag": "SqlInt"
    },
    "count": {
      "contents": 13,
      "tag": "SqlInt"
    }
  },
  {
    "city.country_id": {
      "contents": 107,
      "tag": "SqlInt"
    },
    "count": {
      "contents": 4,
      "tag": "SqlInt"
    }
  },
  {
    "city.country_id": {
      "contents": 86,
      "tag": "SqlInt"
    },
    "count": {
      "contents": 5,
      "tag": "SqlInt"
    }
  },
  {
    "city.country_id": {
      "contents": 84,
      "tag": "SqlInt"
    },
    "count": {
      "contents": 1,
      "tag": "SqlInt"
    }
  },
  {
    "city.country_id": {
      "contents": 39,
      "tag": "SqlInt"
    },
    "count": {
      "contents": 2,
      "tag": "SqlInt"
    }
  },
  {
    "city.country_id": {
      "contents": 92,
      "tag": "SqlInt"
    },
    "count": {
      "contents": 10,
      "tag": "SqlInt"
    }
  },
  {
    "city.country_id": {
      "contents": 93,
      "tag": "SqlInt"
    },
    "count": {
      "contents": 3,
      "tag": "SqlInt"
    }
  },
  {
    "city.country_id": {
      "contents": 89,
      "tag": "SqlInt"
    },
    "count": {
      "contents": 2,
      "tag": "SqlInt"
    }
  },
  {
    "city.country_id": {
      "contents": 101,
      "tag": "SqlInt"
    },
    "count": {
      "contents": 3,
      "tag": "SqlInt"
    }
  },
  {
    "city.country_id": {
      "contents": 36,
      "tag": "SqlInt"
    },
    "count": {
      "contents": 2,
      "tag": "SqlInt"
    }
  },
  {
    "city.country_id": {
      "contents": 69,
      "tag": "SqlInt"
    },
    "count": {
      "contents": 13,
      "tag": "SqlInt"
    }
  },
  {
    "city.country_id": {
      "contents": 31,
      "tag": "SqlInt"
    },
    "count": {
      "contents": 1,
      "tag": "SqlInt"
    }
  },
  {
    "city.country_id": {
      "contents": 50,
      "tag": "SqlInt"
    },
    "count": {
      "contents": 31,
      "tag": "SqlInt"
    }
  },
  {
    "city.country_id": {
      "contents": 102,
      "tag": "SqlInt"
    },
    "count": {
      "contents": 8,
      "tag": "SqlInt"
    }
  },
  {
    "city.country_id": {
      "contents": 60,
      "tag": "SqlInt"
    },
    "count": {
      "contents": 30,
      "tag": "SqlInt"
    }
  },
  {
    "city.country_id": {
      "contents": 14,
      "tag": "SqlInt"
    },
    "count": {
      "contents": 2,
      "tag": "SqlInt"
    }
  },
  {
    "city.country_id": {
      "contents": 97,
      "tag": "SqlInt"
    },
    "count": {
      "contents": 15,
      "tag": "SqlInt"
    }
  },
  {
    "city.country_id": {
      "contents": 66,
      "tag": "SqlInt"
    },
    "count": {
      "contents": 1,
      "tag": "SqlInt"
    }
  },
  {
    "city.country_id": {
      "contents": 108,
      "tag": "SqlInt"
    },
    "count": {
      "contents": 2,
      "tag": "SqlInt"
    }
  },
  {
    "city.country_id": {
      "contents": 109,
      "tag": "SqlInt"
    },
    "count": {
      "contents": 1,
      "tag": "SqlInt"
    }
  },
  {
    "city.country_id": {
      "contents": 22,
      "tag": "SqlInt"
    },
    "count": {
      "contents": 3,
      "tag": "SqlInt"
    }
  },
  {
    "city.country_id": {
      "contents": 59,
      "tag": "SqlInt"
    },
    "count": {
      "contents": 3,
      "tag": "SqlInt"
    }
  },
  {
    "city.country_id": {
      "contents": 13,
      "tag": "SqlInt"
    },
    "count": {
      "contents": 2,
      "tag": "SqlInt"
    }
  },
  {
    "city.country_id": {
      "contents": 65,
      "tag": "SqlInt"
    },
    "count": {
      "contents": 1,
      "tag": "SqlInt"
    }
  },
  {
    "city.country_id": {
      "contents": 2,
      "tag": "SqlInt"
    },
    "count": {
      "contents": 3,
      "tag": "SqlInt"
    }
  },
  {
    "city.country_id": {
      "contents": 16,
      "tag": "SqlInt"
    },
    "count": {
      "contents": 1,
      "tag": "SqlInt"
    }
  },
  {
    "city.country_id": {
      "contents": 62,
      "tag": "SqlInt"
    },
    "count": {
      "contents": 3,
      "tag": "SqlInt"
    }
  },
  {
    "city.country_id": {
      "contents": 75,
      "tag": "SqlInt"
    },
    "count": {
      "contents": 20,
      "tag": "SqlInt"
    }
  },
  {
    "city.country_id": {
      "contents": 98,
      "tag": "SqlInt"
    },
    "count": {
      "contents": 1,
      "tag": "SqlInt"
    }
  },
  {
    "city.country_id": {
      "contents": 73,
      "tag": "SqlInt"
    },
    "count": {
      "contents": 3,
      "tag": "SqlInt"
    }
  },
  {
    "city.country_id": {
      "contents": 11,
      "tag": "SqlInt"
    },
    "count": {
      "contents": 1,
      "tag": "SqlInt"
    }
  },
  {
    "city.country_id": {
      "contents": 103,
      "tag": "SqlInt"
    },
    "count": {
      "contents": 35,
      "tag": "SqlInt"
    }
  },
  {
    "city.country_id": {
      "contents": 44,
      "tag": "SqlInt"
    },
    "count": {
      "contents": 60,
      "tag": "SqlInt"
    }
  },
  {
    "city.country_id": {
      "contents": 42,
      "tag": "SqlInt"
    },
    "count": {
      "contents": 1,
      "tag": "SqlInt"
    }
  },
  {
    "city.country_id": {
      "contents": 99,
      "tag": "SqlInt"
    },
    "count": {
      "contents": 1,
      "tag": "SqlInt"
    }
  },
  {
    "city.country_id": {
      "contents": 88,
      "tag": "SqlInt"
    },
    "count": {
      "contents": 1,
      "tag": "SqlInt"
    }
  },
  {
    "city.country_id": {
      "contents": 82,
      "tag": "SqlInt"
    },
    "count": {
      "contents": 5,
      "tag": "SqlInt"
    }
  },
  {
    "city.country_id": {
      "contents": 41,
      "tag": "SqlInt"
    },
    "count": {
      "contents": 1,
      "tag": "SqlInt"
    }
  },
  {
    "city.country_id": {
      "contents": 40,
      "tag": "SqlInt"
    },
    "count": {
      "contents": 1,
      "tag": "SqlInt"
    }
  },
  {
    "city.country_id": {
      "contents": 46,
      "tag": "SqlInt"
    },
    "count": {
      "contents": 8,
      "tag": "SqlInt"
    }
  },
  {
    "city.country_id": {
      "contents": 43,
      "tag": "SqlInt"
    },
    "count": {
      "contents": 1,
      "tag": "SqlInt"
    }
  },
  {
    "city.country_id": {
      "contents": 32,
      "tag": "SqlInt"
    },
    "count": {
      "contents": 1,
      "tag": "SqlInt"
    }
  },
  {
    "city.country_id": {
      "contents": 53,
      "tag": "SqlInt"
    },
    "count": {
      "contents": 1,
      "tag": "SqlInt"
    }
  },
  {
    "city.country_id": {
      "contents": 7,
      "tag": "SqlInt"
    },
    "count": {
      "contents": 1,
      "tag": "SqlInt"
    }
  },
  {
    "city.country_id": {
      "contents": 9,
      "tag": "SqlInt"
    },
    "count": {
      "contents": 3,
      "tag": "SqlInt"
    }
  },
  {
    "city.country_id": {
      "contents": 100,
      "tag": "SqlInt"
    },
    "count": {
      "contents": 6,
      "tag": "SqlInt"
    }
  },
  {
    "city.country_id": {
      "contents": 38,
      "tag": "SqlInt"
    },
    "count": {
      "contents": 7,
      "tag": "SqlInt"
    }
  },
  {
    "city.country_id": {
      "contents": 15,
      "tag": "SqlInt"
    },
    "count": {
      "contents": 28,
      "tag": "SqlInt"
    }
  },
  {
    "city.country_id": {
      "contents": 79,
      "tag": "SqlInt"
    },
    "count": {
      "contents": 1,
      "tag": "SqlInt"
    }
  },
  {
    "city.country_id": {
      "contents": 26,
      "tag": "SqlInt"
    },
    "count": {
      "contents": 1,
      "tag": "SqlInt"
    }
  },
  {
    "city.country_id": {
      "contents": 12,
      "tag": "SqlInt"
    },
    "count": {
      "contents": 3,
      "tag": "SqlInt"
    }
  },
  {
    "city.country_id": {
      "contents": 48,
      "tag": "SqlInt"
    },
    "count": {
      "contents": 4,
      "tag": "SqlInt"
    }
  },
  {
    "city.country_id": {
      "contents": 85,
      "tag": "SqlInt"
    },
    "count": {
      "contents": 11,
      "tag": "SqlInt"
    }
  },
  {
    "city.country_id": {
      "contents": 72,
      "tag": "SqlInt"
    },
    "count": {
      "contents": 5,
      "tag": "SqlInt"
    }
  },
  {
    "city.country_id": {
      "contents": 95,
      "tag": "SqlInt"
    },
    "count": {
      "contents": 1,
      "tag": "SqlInt"
    }
  },
  {
    "city.country_id": {
      "contents": 78,
      "tag": "SqlInt"
    },
    "count": {
      "contents": 2,
      "tag": "SqlInt"
    }
  },
  {
    "city.country_id": {
      "contents": 57,
      "tag": "SqlInt"
    },
    "count": {
      "contents": 1,
      "tag": "SqlInt"
    }
  },
  {
    "city.country_id": {
      "contents": 24,
      "tag": "SqlInt"
    },
    "count": {
      "contents": 6,
      "tag": "SqlInt"
    }
  },
  {
    "city.country_id": {
      "contents": 81,
      "tag": "SqlInt"
    },
    "count": {
      "contents": 1,
      "tag": "SqlInt"
    }
  },
  {
    "city.country_id": {
      "contents": 61,
      "tag": "SqlInt"
    },
    "count": {
      "contents": 1,
      "tag": "SqlInt"
    }
  },
  {
    "city.country_id": {
      "contents": 19,
      "tag": "SqlInt"
    },
    "count": {
      "contents": 2,
      "tag": "SqlInt"
    }
  },
  {
    "city.country_id": {
      "contents": 77,
      "tag": "SqlInt"
    },
    "count": {
      "contents": 2,
      "tag": "SqlInt"
    }
  },
  {
    "city.country_id": {
      "contents": 25,
      "tag": "SqlInt"
    },
    "count": {
      "contents": 2,
      "tag": "SqlInt"
    }
  },
  {
    "city.country_id": {
      "contents": 94,
      "tag": "SqlInt"
    },
    "count": {
      "contents": 3,
      "tag": "SqlInt"
    }
  },
  {
    "city.country_id": {
      "contents": 30,
      "tag": "SqlInt"
    },
    "count": {
      "contents": 1,
      "tag": "SqlInt"
    }
  },
  {
    "city.country_id": {
      "contents": 21,
      "tag": "SqlInt"
    },
    "count": {
      "contents": 1,
      "tag": "SqlInt"
    }
  },
  {
    "city.country_id": {
      "contents": 49,
      "tag": "SqlInt"
    },
    "count": {
      "contents": 7,
      "tag": "SqlInt"
    }
  },
  {
    "city.country_id": {
      "contents": 47,
      "tag": "SqlInt"
    },
    "count": {
      "contents": 1,
      "tag": "SqlInt"
    }
  },
  {
    "city.country_id": {
      "contents": 3,
      "tag": "SqlInt"
    },
    "count": {
      "contents": 1,
      "tag": "SqlInt"
    }
  },
  {
    "city.country_id": {
      "contents": 17,
      "tag": "SqlInt"
    },
    "count": {
      "contents": 2,
      "tag": "SqlInt"
    }
  },
  {
    "city.country_id": {
      "contents": 28,
      "tag": "SqlInt"
    },
    "count": {
      "contents": 3,
      "tag": "SqlInt"
    }
  },
  {
    "city.country_id": {
      "contents": 20,
      "tag": "SqlInt"
    },
    "count": {
      "contents": 7,
      "tag": "SqlInt"
    }
  },
  {
    "city.country_id": {
      "contents": 37,
      "tag": "SqlInt"
    },
    "count": {
      "contents": 1,
      "tag": "SqlInt"
    }
  }
]
