{
  "Right": {
    "compiledStatements": [
      {
        "contents": [
          [],
          [
            "l",
            {
              "columns": {
                "language_id": {
                  "tag": "IntType"
                },
                "last_update": {
                  "tag": "TimestampType"
                },
                "name": {
                  "tag": "StringType"
                }
              },
              "defaultSingularName": "language",
              "implicitWhere": null,
              "relatedTables": {
                "film": [
                  "language_id",
                  "language_id"
                ]
              },
              "tableName": "language"
            }
          ]
        ],
        "tag": "From"
      }
    ],
    "graph": {
      "contents": {
        "xAxis": "l.language_id",
        "yAxes": [
          "l.language_id"
        ]
      },
      "tag": "BarChart"
    },
    "resultColumns": [
      "l.language_id",
      "l.last_update",
      "l.name"
    ]
  }
}
