Right
  RawQuery
    { unRawQuery =
        [ From ( 0 , 14 ) ( Nothing , Ref ( 5 , 14 ) "Languages" ) ]
    }