[
  {
    "contents": [
      {
        "begin": 0,
        "end": 15
      },
      [
        "l",
        {
          "contents": [
            {
              "begin": 5,
              "end": 15
            },
            "Languages"
          ],
          "tag": "Ref"
        }
      ]
    ],
    "tag": "From"
  },
  {
    "contents": [
      {
        "begin": 20,
        "end": 40
      },
      [
        {
          "contents": [
            {
              "begin": 28,
              "end": 40
            },
            {
              "contents": [
                {
                  "begin": 27,
                  "end": 28
                },
                "l"
              ],
              "tag": "Ref"
            },
            "language_id"
          ],
          "tag": "Prop"
        }
      ]
    ],
    "tag": "Return"
  }
]
