{
  "Right": {
    "compiledStatements": [
      {
        "contents": [
          [],
          [
            "l",
            {
              "columns": {
                "language_id": {
                  "tag": "IntType"
                },
                "last_update": {
                  "tag": "TimestampType"
                },
                "name": {
                  "tag": "StringType"
                }
              },
              "defaultSingularName": "language",
              "implicitWhere": null,
              "relatedTables": {
                "film": [
                  "language_id",
                  "language_id"
                ]
              },
              "tableName": "language"
            }
          ]
        ],
        "tag": "From"
      },
      {
        "contents": [
          [],
          [
            {
              "contents": {
                "contents": [
                  {
                    "tag": "IntType"
                  },
                  {
                    "contents": [
                      "l",
                      "language_id"
                    ],
                    "tag": "ColumnWithTable"
                  }
                ],
                "tag": "ComputedColumn"
              },
              "tag": "ExprExt"
            }
          ]
        ],
        "tag": "Return"
      }
    ],
    "graph": null,
    "resultColumns": [
      "l.language_id",
      "l.last_update",
      "l.name"
    ]
  }
}
